// Jest Snapshot v1, https://goo.gl/fbAQLP

exports[`NotFound snapshot renderer not found page 1`] = `
<div
  className="my-5 pt-5"
>
  <div
    className="container"
  >
    <div
      className="row"
    >
      <div
        className="col-lg-12"
      >
        <div
          className="text-center my-5"
        >
          <h1
            className="fw-bold text-error"
          >
            4
             
            <span
              className="error-text"
            >
              0
              <img
                alt=""
                className="error-img"
                src=""
              />
            </span>
             
            4
          </h1>
          <h3
            className="text-uppercase"
          >
            Sorry, page not found
          </h3>
          <div
            className="mt-5 text-center"
          >
            <a
              className="btn btn-primary waves-effect waves-light"
              href="/"
              onClick={[Function]}
            >
              Back to Dashboard
            </a>
          </div>
        </div>
      </div>
    </div>
  </div>
</div>
`;
